---
source: src-rs/oneil_snapshot_tests/src/test.rs
expression: output
---
error: expected parameter or test
  at fixtures/syntax_error.on:2:1
---

Model: fixtures/syntax_error.on
Tests: 0/0
Parameters:
  x = MeasuredNumber(MeasuredNumber { normalized_value: NormalizedNumber(Scalar(1.0)), unit: Unit { dimension_map: DimensionMap({Distance: 1.0}), magnitude: 1.0, is_db: false, display_unit: Unit { name: "m", exponent: 1.0 } } })
  y = Number(Scalar(2.0))
